%!Adobe-FontList 1.11
%Locale:0x40c

%BeginFont
Handler:DirectoryHandler
FontType:Invalid
OutlineFileName:\\192.168.1.7\social\Font\fontawesome-webfont.eot
FileModTime:1343822110
%EndFont

%BeginFont
Handler:DirectoryHandler
FontType:Invalid
OutlineFileName:\\192.168.1.7\social\Font\fontawesome-webfont.svg
FileModTime:1343822110
%EndFont

%BeginFont
Handler:DirectoryHandler
FontType:TrueType
FontName:FontAwesome
FamilyName:FontAwesome
StyleName:Regular
FullName:FontAwesome Regular
MenuName:FontAwesome
StyleBits:0
WritingScript:Roman
OutlineFileName:\\192.168.1.7\social\Font\fontawesome-webfont.ttf
DataFormat:sfntData
FileLength:68476
FileModTime:1343822110
WeightClass:400
WidthClass:5
AngleClass:0
%EndFont

%BeginFont
Handler:DirectoryHandler
FontType:Invalid
OutlineFileName:\\192.168.1.7\social\Font\fontawesome-webfont.woff
FileModTime:1343822110
%EndFont

%BeginFont
Handler:DirectoryHandler
FontType:Invalid
OutlineFileName:\\192.168.1.7\social\Font\websymbols-regular-webfont.eot
FileModTime:1316833128
%EndFont

%BeginFont
Handler:DirectoryHandler
FontType:Invalid
OutlineFileName:\\192.168.1.7\social\Font\websymbols-regular-webfont.svg
FileModTime:1316833128
%EndFont

%BeginFont
Handler:DirectoryHandler
FontType:TrueType
FontName:WebSymbols-Regular
FamilyName:Web Symbols
StyleName:Regular
FullName:Web Symbols Regular
MenuName:Web Symbols
StyleBits:0
WritingScript:Roman
OutlineFileName:\\192.168.1.7\social\Font\websymbols-regular-webfont.ttf
DataFormat:sfntData
FileLength:12144
FileModTime:1316833128
WeightClass:400
WidthClass:5
AngleClass:0
%EndFont

%BeginFont
Handler:DirectoryHandler
FontType:Invalid
OutlineFileName:\\192.168.1.7\social\Font\websymbols-regular-webfont.woff
FileModTime:1316833128
%EndFont

